Archive member included because of file (symbol)

E:\TGM\5Klasse\SYT\Weiser\stm32f3discovery_hal_lib\Debug\libstm32f3discovery_hal_lib.a(stm32f3_discovery.o)
                              src/main.o (BSP_LED_Init)
E:\TGM\5Klasse\SYT\Weiser\stm32f3discovery_hal_lib\Debug\libstm32f3discovery_hal_lib.a(stm32f3xx_hal.o)
                              src/stm32f3xx_it.o (HAL_IncTick)
E:\TGM\5Klasse\SYT\Weiser\stm32f3discovery_hal_lib\Debug\libstm32f3discovery_hal_lib.a(stm32f3xx_hal_cortex.o)
                              E:\TGM\5Klasse\SYT\Weiser\stm32f3discovery_hal_lib\Debug\libstm32f3discovery_hal_lib.a(stm32f3xx_hal.o) (HAL_NVIC_SetPriorityGrouping)
E:\TGM\5Klasse\SYT\Weiser\stm32f3discovery_hal_lib\Debug\libstm32f3discovery_hal_lib.a(stm32f3xx_hal_gpio.o)
                              E:\TGM\5Klasse\SYT\Weiser\stm32f3discovery_hal_lib\Debug\libstm32f3discovery_hal_lib.a(stm32f3_discovery.o) (HAL_GPIO_Init)
E:\TGM\5Klasse\SYT\Weiser\stm32f3discovery_hal_lib\Debug\libstm32f3discovery_hal_lib.a(stm32f3xx_hal_i2c.o)
                              E:\TGM\5Klasse\SYT\Weiser\stm32f3discovery_hal_lib\Debug\libstm32f3discovery_hal_lib.a(stm32f3_discovery.o) (HAL_I2C_Init)
E:\TGM\5Klasse\SYT\Weiser\stm32f3discovery_hal_lib\Debug\libstm32f3discovery_hal_lib.a(stm32f3xx_hal_rcc.o)
                              E:\TGM\5Klasse\SYT\Weiser\stm32f3discovery_hal_lib\Debug\libstm32f3discovery_hal_lib.a(stm32f3xx_hal.o) (HAL_RCC_GetHCLKFreq)
E:\TGM\5Klasse\SYT\Weiser\stm32f3discovery_hal_lib\Debug\libstm32f3discovery_hal_lib.a(stm32f3xx_hal_spi.o)
                              E:\TGM\5Klasse\SYT\Weiser\stm32f3discovery_hal_lib\Debug\libstm32f3discovery_hal_lib.a(stm32f3_discovery.o) (HAL_SPI_Init)
E:\TGM\5Klasse\SYT\Weiser\stm32f3discovery_hal_lib\Debug\libstm32f3discovery_hal_lib.a(stm32f3xx_hal_dma.o)
                              E:\TGM\5Klasse\SYT\Weiser\stm32f3discovery_hal_lib\Debug\libstm32f3discovery_hal_lib.a(stm32f3xx_hal_i2c.o) (HAL_DMA_Start_IT)
e:/eclipse c/eclipse/plugins/fr.ac6.mcu.externaltools.arm-none.win32_1.3.0.201507241045/tools/compiler/bin/../lib/gcc/arm-none-eabi/4.9.3/../../../../arm-none-eabi/lib/armv7e-m\libc.a(lib_a-errno.o)
                              src/syscalls.o (__errno)
e:/eclipse c/eclipse/plugins/fr.ac6.mcu.externaltools.arm-none.win32_1.3.0.201507241045/tools/compiler/bin/../lib/gcc/arm-none-eabi/4.9.3/../../../../arm-none-eabi/lib/armv7e-m\libc.a(lib_a-exit.o)
                              e:/eclipse c/eclipse/plugins/fr.ac6.mcu.externaltools.arm-none.win32_1.3.0.201507241045/tools/compiler/bin/../lib/gcc/arm-none-eabi/4.9.3/../../../../arm-none-eabi/lib/armv7e-m/crt0.o (exit)
e:/eclipse c/eclipse/plugins/fr.ac6.mcu.externaltools.arm-none.win32_1.3.0.201507241045/tools/compiler/bin/../lib/gcc/arm-none-eabi/4.9.3/../../../../arm-none-eabi/lib/armv7e-m\libc.a(lib_a-impure.o)
                              e:/eclipse c/eclipse/plugins/fr.ac6.mcu.externaltools.arm-none.win32_1.3.0.201507241045/tools/compiler/bin/../lib/gcc/arm-none-eabi/4.9.3/../../../../arm-none-eabi/lib/armv7e-m\libc.a(lib_a-exit.o) (_global_impure_ptr)
e:/eclipse c/eclipse/plugins/fr.ac6.mcu.externaltools.arm-none.win32_1.3.0.201507241045/tools/compiler/bin/../lib/gcc/arm-none-eabi/4.9.3/../../../../arm-none-eabi/lib/armv7e-m\libc.a(lib_a-init.o)
                              e:/eclipse c/eclipse/plugins/fr.ac6.mcu.externaltools.arm-none.win32_1.3.0.201507241045/tools/compiler/bin/../lib/gcc/arm-none-eabi/4.9.3/../../../../arm-none-eabi/lib/armv7e-m/crt0.o (__libc_init_array)
e:/eclipse c/eclipse/plugins/fr.ac6.mcu.externaltools.arm-none.win32_1.3.0.201507241045/tools/compiler/bin/../lib/gcc/arm-none-eabi/4.9.3/../../../../arm-none-eabi/lib/armv7e-m\libc.a(lib_a-memset.o)
                              e:/eclipse c/eclipse/plugins/fr.ac6.mcu.externaltools.arm-none.win32_1.3.0.201507241045/tools/compiler/bin/../lib/gcc/arm-none-eabi/4.9.3/../../../../arm-none-eabi/lib/armv7e-m/crt0.o (memset)
e:/eclipse c/eclipse/plugins/fr.ac6.mcu.externaltools.arm-none.win32_1.3.0.201507241045/tools/compiler/bin/../lib/gcc/arm-none-eabi/4.9.3/../../../../arm-none-eabi/lib/armv7e-m\libc.a(lib_a-__call_atexit.o)
                              e:/eclipse c/eclipse/plugins/fr.ac6.mcu.externaltools.arm-none.win32_1.3.0.201507241045/tools/compiler/bin/../lib/gcc/arm-none-eabi/4.9.3/../../../../arm-none-eabi/lib/armv7e-m\libc.a(lib_a-exit.o) (__call_exitprocs)
e:/eclipse c/eclipse/plugins/fr.ac6.mcu.externaltools.arm-none.win32_1.3.0.201507241045/tools/compiler/bin/../lib/gcc/arm-none-eabi/4.9.3/../../../../arm-none-eabi/lib/armv7e-m\libc.a(lib_a-atexit.o)
                              e:/eclipse c/eclipse/plugins/fr.ac6.mcu.externaltools.arm-none.win32_1.3.0.201507241045/tools/compiler/bin/../lib/gcc/arm-none-eabi/4.9.3/../../../../arm-none-eabi/lib/armv7e-m\libc.a(lib_a-__call_atexit.o) (atexit)
[...]
Memory Configuration

Name             Origin             Length             Attributes
FLASH            0x08000000         0x00040000         xr
RAM              0x20000000         0x0000a000         xrw
CCMRAM           0x10000000         0x00002000         rw
*default*        0x00000000         0xffffffff

Linker script and memory map

LOAD e:/eclipse c/eclipse/plugins/fr.ac6.mcu.externaltools.arm-none.win32_1.3.0.201507241045/tools/compiler/bin/../lib/gcc/arm-none-eabi/4.9.3/armv7e-m/crti.o
LOAD e:/eclipse c/eclipse/plugins/fr.ac6.mcu.externaltools.arm-none.win32_1.3.0.201507241045/tools/compiler/bin/../lib/gcc/arm-none-eabi/4.9.3/armv7e-m/crtbegin.o
LOAD e:/eclipse c/eclipse/plugins/fr.ac6.mcu.externaltools.arm-none.win32_1.3.0.201507241045/tools/compiler/bin/../lib/gcc/arm-none-eabi/4.9.3/../../../../arm-none-eabi/lib/armv7e-m/crt0.o
LOAD e:/eclipse c/eclipse/plugins/fr.ac6.mcu.externaltools.arm-none.win32_1.3.0.201507241045/tools/compiler/bin/../lib/gcc/arm-none-eabi/4.9.3/../../../../arm-none-eabi/lib/armv7e-m\libm.a
LOAD startup/startup_stm32f303xc.o
LOAD src/led_toggle.o
LOAD src/main.o
LOAD src/stm32f3xx_it.o
LOAD src/syscalls.o
LOAD src/system_stm32f3xx.o
LOAD E:\TGM\5Klasse\SYT\Weiser\stm32f3discovery_hal_lib\Debug\libstm32f3discovery_hal_lib.a
START GROUP
LOAD e:/eclipse c/eclipse/plugins/fr.ac6.mcu.externaltools.arm-none.win32_1.3.0.201507241045/tools/compiler/bin/../lib/gcc/arm-none-eabi/4.9.3/armv7e-m\libgcc.a
LOAD e:/eclipse c/eclipse/plugins/fr.ac6.mcu.externaltools.arm-none.win32_1.3.0.201507241045/tools/compiler/bin/../lib/gcc/arm-none-eabi/4.9.3/../../../../arm-none-eabi/lib/armv7e-m\libc.a
END GROUP
LOAD e:/eclipse c/eclipse/plugins/fr.ac6.mcu.externaltools.arm-none.win32_1.3.0.201507241045/tools/compiler/bin/../lib/gcc/arm-none-eabi/4.9.3/armv7e-m/crtend.o
LOAD e:/eclipse c/eclipse/plugins/fr.ac6.mcu.externaltools.arm-none.win32_1.3.0.201507241045/tools/compiler/bin/../lib/gcc/arm-none-eabi/4.9.3/armv7e-m/crtn.o
                0x2000a000                _estack = 0x2000a000
                0x00000200                _Min_Heap_Size = 0x200
                0x00000400                _Min_Stack_Size = 0x400

.isr_vector     0x08000000      0x188
                0x08000000                . = ALIGN (0x4)
 *(.isr_vector)
 .isr_vector    0x08000000      0x188 startup/startup_stm32f303xc.o
                0x08000000                g_pfnVectors
                0x08000188                . = ALIGN (0x4)

.text           0x08000188      0xa10
                0x08000188                . = ALIGN (0x4)
 *(.text)
 .text          0x08000188       0x5c e:/eclipse c/eclipse/plugins/fr.ac6.mcu.externaltools.arm-none.win32_1.3.0.201507241045/tools/compiler/bin/../lib/gcc/arm-none-eabi/4.9.3/armv7e-m/crtbegin.o
 *(.text*)
 .text.Reset_Handler
                0x080001e4       0x50 startup/startup_stm32f303xc.o
                0x080001e4                Reset_Handler
 .text.Default_Handler
                0x08000234        0x2 startup/startup_stm32f303xc.o
                0x08000234                RTC_Alarm_IRQHandler
                0x08000234                TIM8_TRG_COM_IRQHandler
                0x08000234                TIM8_CC_IRQHandler
                0x08000234                DebugMon_Handler
                0x08000234                TIM1_CC_IRQHandler
                0x08000234                HardFault_Handler
                0x08000234                USB_HP_IRQHandler
                0x08000234                PVD_IRQHandler
                0x08000234                TAMP_STAMP_IRQHandler
                0x08000234                PendSV_Handler
                0x08000234                NMI_Handler
                0x08000234                EXTI3_IRQHandler
                0x08000234                USB_HP_CAN_TX_IRQHandler
                0x08000234                EXTI0_IRQHandler
                0x08000234                I2C2_EV_IRQHandler
                0x08000234                FPU_IRQHandler
                0x08000234                TIM1_UP_TIM16_IRQHandler
                0x08000234                UsageFault_Handler
                0x08000234                ADC1_2_IRQHandler
                0x08000234                SPI1_IRQHandler
                0x08000234                CAN_SCE_IRQHandler
                0x08000234                TIM6_DAC_IRQHandler
                0x08000234                TIM8_UP_IRQHandler
                0x08000234                DMA2_Channel2_IRQHandler
                0x08000234                DMA1_Channel4_IRQHandler
                0x08000234                USART3_IRQHandler
                0x08000234                DMA1_Channel7_IRQHandler
                0x08000234                UART5_IRQHandler
                0x08000234                ADC3_IRQHandler
                0x08000234                TIM4_IRQHandler
                0x08000234                CAN_RX1_IRQHandler
                0x08000234                DMA2_Channel1_IRQHandler
                0x08000234                I2C1_EV_IRQHandler
                0x08000234                DMA1_Channel6_IRQHandler
                0x08000234                UART4_IRQHandler
                0x08000234                DMA2_Channel4_IRQHandler
                0x08000234                TIM3_IRQHandler
                0x08000234                RCC_IRQHandler
                0x08000234                DMA1_Channel1_IRQHandler
                0x08000234                Default_Handler
                0x08000234                USBWakeUp_RMP_IRQHandler
                0x08000234                EXTI15_10_IRQHandler
                0x08000234                TIM7_IRQHandler
                0x08000234                EXTI9_5_IRQHandler
                0x08000234                RTC_WKUP_IRQHandler
                0x08000234                SPI2_IRQHandler
                0x08000234                USB_LP_CAN_RX0_IRQHandler
                0x08000234                MemManage_Handler
                0x08000234                SVC_Handler
                0x08000234                DMA2_Channel5_IRQHandler
                0x08000234                DMA1_Channel5_IRQHandler
                0x08000234                USB_LP_IRQHandler
                0x08000234                EXTI4_IRQHandler
                0x08000234                TIM1_TRG_COM_TIM17_IRQHandler
                0x08000234                DMA1_Channel3_IRQHandler
                0x08000234                ADC4_IRQHandler
                0x08000234                WWDG_IRQHandler
                0x08000234                TIM2_IRQHandler
                0x08000234                COMP7_IRQHandler
                0x08000234                COMP1_2_3_IRQHandler
                0x08000234                EXTI1_IRQHandler
                0x08000234                USART2_IRQHandler
                0x08000234                COMP4_5_6_IRQHandler
                0x08000234                I2C2_ER_IRQHandler
                0x08000234                DMA1_Channel2_IRQHandler
                0x08000234                TIM8_BRK_IRQHandler
                0x08000234                FLASH_IRQHandler
                0x08000234                BusFault_Handler
                0x08000234                USART1_IRQHandler
                0x08000234                SPI3_IRQHandler
                0x08000234                I2C1_ER_IRQHandler
                0x08000234                USBWakeUp_IRQHandler
                0x08000234                DMA2_Channel3_IRQHandler
                0x08000234                EXTI2_TSC_IRQHandler
                0x08000234                TIM1_BRK_TIM15_IRQHandler
 *fill*         0x08000236        0x2 
 .text.reset    0x08000238       0x18 src/led_toggle.o
                0x08000238                reset
 .text.led_red  0x08000250       0x18 src/led_toggle.o
                0x08000250                led_red
 .text.led_red_orange
                0x08000268       0x20 src/led_toggle.o
                0x08000268                led_red_orange
 .text.led_green
                0x08000288       0x18 src/led_toggle.o
                0x08000288                led_green
 .text.led_green_blink
                0x080002a0       0x40 src/led_toggle.o
                0x080002a0                led_green_blink
 .text.control_traffic_light
                0x080002e0       0x18 src/led_toggle.o
                0x080002e0                control_traffic_light
 .text.NVIC_SetPriority
                0x080002f8       0x54 src/main.o
 .text.SysTick_Config
                0x0800034c       0x44 src/main.o
 .text.main     0x08000390       0x44 src/main.o
                0x08000390                main
 .text.SysTick_Handler
                0x080003d4       0x10 src/stm32f3xx_it.o
                0x080003d4                SysTick_Handler
 .text.SystemInit
                0x080003e4       0x84 src/system_stm32f3xx.o
                0x080003e4                SystemInit
 .text.SystemCoreClockUpdate
                0x08000468       0xd4 src/system_stm32f3xx.o
                0x08000468                SystemCoreClockUpdate
 .text.BSP_LED_Init
                0x0800053c      0x100 E:\TGM\5Klasse\SYT\Weiser\stm32f3discovery_hal_lib\Debug\libstm32f3discovery_hal_lib.a(stm32f3_discovery.o)
                0x0800053c                BSP_LED_Init
 .text.BSP_LED_On
                0x0800063c       0x34 E:\TGM\5Klasse\SYT\Weiser\stm32f3discovery_hal_lib\Debug\libstm32f3discovery_hal_lib.a(stm32f3_discovery.o)
                0x0800063c                BSP_LED_On
 .text.BSP_LED_Off
                0x08000670       0x34 E:\TGM\5Klasse\SYT\Weiser\stm32f3discovery_hal_lib\Debug\libstm32f3discovery_hal_lib.a(stm32f3_discovery.o)
                0x08000670                BSP_LED_Off
 .text.HAL_IncTick
                0x080006a4       0x1c E:\TGM\5Klasse\SYT\Weiser\stm32f3discovery_hal_lib\Debug\libstm32f3discovery_hal_lib.a(stm32f3xx_hal.o)
                0x080006a4                HAL_IncTick
 .text.HAL_GetTick
                0x080006c0       0x18 E:\TGM\5Klasse\SYT\Weiser\stm32f3discovery_hal_lib\Debug\libstm32f3discovery_hal_lib.a(stm32f3xx_hal.o)
                0x080006c0                HAL_GetTick
 .text.HAL_Delay
                0x080006d8       0x28 E:\TGM\5Klasse\SYT\Weiser\stm32f3discovery_hal_lib\Debug\libstm32f3discovery_hal_lib.a(stm32f3xx_hal.o)
                0x080006d8                HAL_Delay
 .text.HAL_SYSTICK_IRQHandler
                0x08000700        0xc E:\TGM\5Klasse\SYT\Weiser\stm32f3discovery_hal_lib\Debug\libstm32f3discovery_hal_lib.a(stm32f3xx_hal_cortex.o)
                0x08000700                HAL_SYSTICK_IRQHandler
 .text.HAL_SYSTICK_Callback
                0x0800070c        0xc E:\TGM\5Klasse\SYT\Weiser\stm32f3discovery_hal_lib\Debug\libstm32f3discovery_hal_lib.a(stm32f3xx_hal_cortex.o)
                0x0800070c                HAL_SYSTICK_Callback
 .text.HAL_GPIO_Init
                0x08000718      0x2f8 E:\TGM\5Klasse\SYT\Weiser\stm32f3discovery_hal_lib\Debug\libstm32f3discovery_hal_lib.a(stm32f3xx_hal_gpio.o)
                0x08000718                HAL_GPIO_Init
 .text.HAL_GPIO_WritePin
                0x08000a10       0x30 E:\TGM\5Klasse\SYT\Weiser\stm32f3discovery_hal_lib\Debug\libstm32f3discovery_hal_lib.a(stm32f3xx_hal_gpio.o)
                0x08000a10                HAL_GPIO_WritePin
 .text.__libc_init_array
                0x08000a40       0x50 e:/eclipse c/eclipse/plugins/fr.ac6.mcu.externaltools.arm-none.win32_1.3.0.201507241045/tools/compiler/bin/../lib/gcc/arm-none-eabi/4.9.3/../../../../arm-none-eabi/lib/armv7e-m\libc.a(lib_a-init.o)
                0x08000a40                __libc_init_array
 .text.startup.register_fini
                0x08000a90       0x14 e:/eclipse c/eclipse/plugins/fr.ac6.mcu.externaltools.arm-none.win32_1.3.0.201507241045/tools/compiler/bin/../lib/gcc/arm-none-eabi/4.9.3/../../../../arm-none-eabi/lib/armv7e-m\libc.a(lib_a-__call_atexit.o)
 .text.atexit   0x08000aa4        0xc e:/eclipse c/eclipse/plugins/fr.ac6.mcu.externaltools.arm-none.win32_1.3.0.201507241045/tools/compiler/bin/../lib/gcc/arm-none-eabi/4.9.3/../../../../arm-none-eabi/lib/armv7e-m\libc.a(lib_a-atexit.o)
                0x08000aa4                atexit
 .text.__libc_fini_array
                0x08000ab0       0x2c e:/eclipse c/eclipse/plugins/fr.ac6.mcu.externaltools.arm-none.win32_1.3.0.201507241045/tools/compiler/bin/../lib/gcc/arm-none-eabi/4.9.3/../../../../arm-none-eabi/lib/armv7e-m\libc.a(lib_a-fini.o)
                0x08000ab0                __libc_fini_array
 .text.__register_exitproc
                0x08000adc       0xa4 e:/eclipse c/eclipse/plugins/fr.ac6.mcu.externaltools.arm-none.win32_1.3.0.201507241045/tools/compiler/bin/../lib/gcc/arm-none-eabi/4.9.3/../../../../arm-none-eabi/lib/armv7e-m\libc.a(lib_a-__atexit.o)
                0x08000adc                __register_exitproc
 *(.glue_7)
 .glue_7        0x00000000        0x0 linker stubs
 *(.glue_7t)
 .glue_7t       0x00000000        0x0 linker stubs
 *(.eh_frame)
 .eh_frame      0x08000b80        0x0 e:/eclipse c/eclipse/plugins/fr.ac6.mcu.externaltools.arm-none.win32_1.3.0.201507241045/tools/compiler/bin/../lib/gcc/arm-none-eabi/4.9.3/armv7e-m/crtbegin.o
 *(.init)
 .init          0x08000b80        0x4 e:/eclipse c/eclipse/plugins/fr.ac6.mcu.externaltools.arm-none.win32_1.3.0.201507241045/tools/compiler/bin/../lib/gcc/arm-none-eabi/4.9.3/armv7e-m/crti.o
                0x08000b80                _init
 .init          0x08000b84        0x8 e:/eclipse c/eclipse/plugins/fr.ac6.mcu.externaltools.arm-none.win32_1.3.0.201507241045/tools/compiler/bin/../lib/gcc/arm-none-eabi/4.9.3/armv7e-m/crtn.o
 *(.fini)
 .fini          0x08000b8c        0x4 e:/eclipse c/eclipse/plugins/fr.ac6.mcu.externaltools.arm-none.win32_1.3.0.201507241045/tools/compiler/bin/../lib/gcc/arm-none-eabi/4.9.3/armv7e-m/crti.o
                0x08000b8c                _fini
 .fini          0x08000b90        0x8 e:/eclipse c/eclipse/plugins/fr.ac6.mcu.externaltools.arm-none.win32_1.3.0.201507241045/tools/compiler/bin/../lib/gcc/arm-none-eabi/4.9.3/armv7e-m/crtn.o
                0x08000b98                . = ALIGN (0x4)
                0x08000b98                _etext = .

.vfp11_veneer   0x08000b98        0x0
 .vfp11_veneer  0x00000000        0x0 linker stubs

.v4_bx          0x08000b98        0x0
 .v4_bx         0x00000000        0x0 linker stubs

.iplt           0x08000b98        0x0
 .iplt          0x00000000        0x0 e:/eclipse c/eclipse/plugins/fr.ac6.mcu.externaltools.arm-none.win32_1.3.0.201507241045/tools/compiler/bin/../lib/gcc/arm-none-eabi/4.9.3/armv7e-m/crtbegin.o

.rodata         0x08000b98       0x20
                0x08000b98                . = ALIGN (0x4)
 *(.rodata)
 .rodata        0x08000b98       0x18 E:\TGM\5Klasse\SYT\Weiser\stm32f3discovery_hal_lib\Debug\libstm32f3discovery_hal_lib.a(stm32f3_discovery.o)
                0x08000b98                LED_PIN
                0x08000ba8                BUTTON_PIN
                0x08000bac                BUTTON_IRQn
 *(.rodata*)
 .rodata.str1.4
                0x08000bb0        0x4 e:/eclipse c/eclipse/plugins/fr.ac6.mcu.externaltools.arm-none.win32_1.3.0.201507241045/tools/compiler/bin/../lib/gcc/arm-none-eabi/4.9.3/../../../../arm-none-eabi/lib/armv7e-m\libc.a(lib_a-impure.o)
 .rodata._global_impure_ptr
                0x08000bb4        0x4 e:/eclipse c/eclipse/plugins/fr.ac6.mcu.externaltools.arm-none.win32_1.3.0.201507241045/tools/compiler/bin/../lib/gcc/arm-none-eabi/4.9.3/../../../../arm-none-eabi/lib/armv7e-m\libc.a(lib_a-impure.o)
                0x08000bb4                _global_impure_ptr
                0x08000bb8                . = ALIGN (0x4)

.rel.dyn        0x08000bb8        0x0
 .rel.iplt      0x00000000        0x0 e:/eclipse c/eclipse/plugins/fr.ac6.mcu.externaltools.arm-none.win32_1.3.0.201507241045/tools/compiler/bin/../lib/gcc/arm-none-eabi/4.9.3/armv7e-m/crtbegin.o

.ARM.extab
 *(.ARM.extab* .gnu.linkonce.armextab.*)

.ARM            0x08000bb8        0x0
                0x08000bb8                __exidx_start = .
 *(.ARM.exidx*)
                0x08000bb8                __exidx_end = .

.preinit_array  0x08000bb8        0x0
                0x08000bb8                PROVIDE (__preinit_array_start, .)
 *(.preinit_array*)
                0x08000bb8                PROVIDE (__preinit_array_end, .)

.init_array     0x08000bb8        0x8
                0x08000bb8                PROVIDE (__init_array_start, .)
 *(SORT(.init_array.*))
 .init_array.00000
                0x08000bb8        0x4 e:/eclipse c/eclipse/plugins/fr.ac6.mcu.externaltools.arm-none.win32_1.3.0.201507241045/tools/compiler/bin/../lib/gcc/arm-none-eabi/4.9.3/../../../../arm-none-eabi/lib/armv7e-m\libc.a(lib_a-__call_atexit.o)
 *(.init_array*)
 .init_array    0x08000bbc        0x4 e:/eclipse c/eclipse/plugins/fr.ac6.mcu.externaltools.arm-none.win32_1.3.0.201507241045/tools/compiler/bin/../lib/gcc/arm-none-eabi/4.9.3/armv7e-m/crtbegin.o
                0x08000bc0                PROVIDE (__init_array_end, .)

.fini_array     0x08000bc0        0x4
                0x08000bc0                PROVIDE (__fini_array_start, .)
 *(SORT(.fini_array.*))
 *(.fini_array*)
 .fini_array    0x08000bc0        0x4 e:/eclipse c/eclipse/plugins/fr.ac6.mcu.externaltools.arm-none.win32_1.3.0.201507241045/tools/compiler/bin/../lib/gcc/arm-none-eabi/4.9.3/armv7e-m/crtbegin.o
                0x08000bc4                PROVIDE (__fini_array_end, .)
                0x08000bc4                _sidata = LOADADDR (.data)

.data           0x20000000      0x468 load address 0x08000bc4
                0x20000000                . = ALIGN (0x4)
                0x20000000                _sdata = .
 *(.data)
 .data          0x20000000       0x14 src/system_stm32f3xx.o
                0x20000000                SystemCoreClock
                0x20000004                AHBPrescTable
 .data          0x20000014       0x2c E:\TGM\5Klasse\SYT\Weiser\stm32f3discovery_hal_lib\Debug\libstm32f3discovery_hal_lib.a(stm32f3_discovery.o)
                0x20000014                LED_PORT
                0x20000034                BUTTON_PORT
                0x20000038                SpixTimeout
                0x2000003c                I2cxTimeout
 *(.data*)
 .data.impure_data
                0x20000040      0x428 e:/eclipse c/eclipse/plugins/fr.ac6.mcu.externaltools.arm-none.win32_1.3.0.201507241045/tools/compiler/bin/../lib/gcc/arm-none-eabi/4.9.3/../../../../arm-none-eabi/lib/armv7e-m\libc.a(lib_a-impure.o)
                0x20000468                . = ALIGN (0x4)
                0x20000468                _edata = .
                0x0800102c                _siccmram = LOADADDR (.ccmram)

.jcr            0x20000468        0x0 load address 0x0800102c
 .jcr           0x20000468        0x0 e:/eclipse c/eclipse/plugins/fr.ac6.mcu.externaltools.arm-none.win32_1.3.0.201507241045/tools/compiler/bin/../lib/gcc/arm-none-eabi/4.9.3/armv7e-m/crtbegin.o

.igot.plt       0x20000468        0x0 load address 0x0800102c
 .igot.plt      0x00000000        0x0 e:/eclipse c/eclipse/plugins/fr.ac6.mcu.externaltools.arm-none.win32_1.3.0.201507241045/tools/compiler/bin/../lib/gcc/arm-none-eabi/4.9.3/armv7e-m/crtbegin.o

.ccmram         0x10000000        0x0 load address 0x0800102c
                0x10000000                . = ALIGN (0x4)
                0x10000000                _sccmram = .
 *(.ccmram)
 *(.ccmram*)
                0x10000000                . = ALIGN (0x4)
                0x10000000                _eccmram = .
                0x10000000                . = ALIGN (0x4)

.bss            0x20000468       0x20
                0x20000468                _sbss = .
                0x20000468                __bss_start__ = _sbss
 *(.bss)
 .bss           0x20000468       0x1c e:/eclipse c/eclipse/plugins/fr.ac6.mcu.externaltools.arm-none.win32_1.3.0.201507241045/tools/compiler/bin/../lib/gcc/arm-none-eabi/4.9.3/armv7e-m/crtbegin.o
 .bss           0x20000484        0x4 E:\TGM\5Klasse\SYT\Weiser\stm32f3discovery_hal_lib\Debug\libstm32f3discovery_hal_lib.a(stm32f3xx_hal.o)
 *(.bss*)
 *(COMMON)
                0x20000488                . = ALIGN (0x4)
                0x20000488                _ebss = .
                0x20000488                __bss_end__ = _ebss

._user_heap_stack
                0x20000488      0x600
                0x20000488                . = ALIGN (0x8)
                0x20000488                PROVIDE (end, .)
                0x20000488                PROVIDE (_end, .)
                0x20000688                . = (. + _Min_Heap_Size)
 *fill*         0x20000488      0x200 
                0x20000a88                . = (. + _Min_Stack_Size)
 *fill*         0x20000688      0x400 
                0x20000a88                . = ALIGN (0x8)

/DISCARD/
 libc.a(*)
 libm.a(*)
 libgcc.a(*)

.ARM.attributes
                0x00000000       0x2a
 *(.ARM.attributes)
 .ARM.attributes
                0x00000000       0x1e e:/eclipse c/eclipse/plugins/fr.ac6.mcu.externaltools.arm-none.win32_1.3.0.201507241045/tools/compiler/bin/../lib/gcc/arm-none-eabi/4.9.3/armv7e-m/crti.o
 .ARM.attributes
                0x0000001e       0x2e e:/eclipse c/eclipse/plugins/fr.ac6.mcu.externaltools.arm-none.win32_1.3.0.201507241045/tools/compiler/bin/../lib/gcc/arm-none-eabi/4.9.3/armv7e-m/crtbegin.o
 .ARM.attributes
                0x0000004c       0x21 startup/startup_stm32f303xc.o
 .ARM.attributes
                0x0000006d       0x33 src/led_toggle.o
 .ARM.attributes
                0x000000a0       0x33 src/main.o
 .ARM.attributes
                0x000000d3       0x33 src/stm32f3xx_it.o
 .ARM.attributes
                0x00000106       0x33 src/system_stm32f3xx.o
 .ARM.attributes
                0x00000139       0x33 E:\TGM\5Klasse\SYT\Weiser\stm32f3discovery_hal_lib\Debug\libstm32f3discovery_hal_lib.a(stm32f3_discovery.o)
 .ARM.attributes
                0x0000016c       0x33 E:\TGM\5Klasse\SYT\Weiser\stm32f3discovery_hal_lib\Debug\libstm32f3discovery_hal_lib.a(stm32f3xx_hal.o)
 .ARM.attributes
                0x0000019f       0x33 E:\TGM\5Klasse\SYT\Weiser\stm32f3discovery_hal_lib\Debug\libstm32f3discovery_hal_lib.a(stm32f3xx_hal_cortex.o)
 .ARM.attributes
                0x000001d2       0x33 E:\TGM\5Klasse\SYT\Weiser\stm32f3discovery_hal_lib\Debug\libstm32f3discovery_hal_lib.a(stm32f3xx_hal_gpio.o)
 .ARM.attributes
                0x00000205       0x2e e:/eclipse c/eclipse/plugins/fr.ac6.mcu.externaltools.arm-none.win32_1.3.0.201507241045/tools/compiler/bin/../lib/gcc/arm-none-eabi/4.9.3/../../../../arm-none-eabi/lib/armv7e-m\libc.a(lib_a-impure.o)
 .ARM.attributes
                0x00000233       0x2e e:/eclipse c/eclipse/plugins/fr.ac6.mcu.externaltools.arm-none.win32_1.3.0.201507241045/tools/compiler/bin/../lib/gcc/arm-none-eabi/4.9.3/../../../../arm-none-eabi/lib/armv7e-m\libc.a(lib_a-init.o)
 .ARM.attributes
                0x00000261       0x2e e:/eclipse c/eclipse/plugins/fr.ac6.mcu.externaltools.arm-none.win32_1.3.0.201507241045/tools/compiler/bin/../lib/gcc/arm-none-eabi/4.9.3/../../../../arm-none-eabi/lib/armv7e-m\libc.a(lib_a-__call_atexit.o)
 .ARM.attributes
                0x0000028f       0x2e e:/eclipse c/eclipse/plugins/fr.ac6.mcu.externaltools.arm-none.win32_1.3.0.201507241045/tools/compiler/bin/../lib/gcc/arm-none-eabi/4.9.3/../../../../arm-none-eabi/lib/armv7e-m\libc.a(lib_a-atexit.o)
 .ARM.attributes
                0x000002bd       0x2e e:/eclipse c/eclipse/plugins/fr.ac6.mcu.externaltools.arm-none.win32_1.3.0.201507241045/tools/compiler/bin/../lib/gcc/arm-none-eabi/4.9.3/../../../../arm-none-eabi/lib/armv7e-m\libc.a(lib_a-fini.o)
 .ARM.attributes
                0x000002eb       0x2e e:/eclipse c/eclipse/plugins/fr.ac6.mcu.externaltools.arm-none.win32_1.3.0.201507241045/tools/compiler/bin/../lib/gcc/arm-none-eabi/4.9.3/../../../../arm-none-eabi/lib/armv7e-m\libc.a(lib_a-__atexit.o)
 .ARM.attributes
                0x00000319       0x1e e:/eclipse c/eclipse/plugins/fr.ac6.mcu.externaltools.arm-none.win32_1.3.0.201507241045/tools/compiler/bin/../lib/gcc/arm-none-eabi/4.9.3/armv7e-m/crtn.o
OUTPUT(state_machine.elf elf32-littlearm)

.debug_line     0x00000000     0x511b
 .debug_line    0x00000000       0x7f startup/startup_stm32f303xc.o
 .debug_line    0x0000007f      0x9bb src/led_toggle.o
 .debug_line    0x00000a3a      0x975 src/main.o
 .debug_line    0x000013af      0x90b src/stm32f3xx_it.o
 .debug_line    0x00001cba      0x8fe src/system_stm32f3xx.o
 .debug_line    0x000025b8      0xb61 E:\TGM\5Klasse\SYT\Weiser\stm32f3discovery_hal_lib\Debug\libstm32f3discovery_hal_lib.a(stm32f3_discovery.o)
 .debug_line    0x00003119      0xa30 E:\TGM\5Klasse\SYT\Weiser\stm32f3discovery_hal_lib\Debug\libstm32f3discovery_hal_lib.a(stm32f3xx_hal.o)
 .debug_line    0x00003b49      0xb92 E:\TGM\5Klasse\SYT\Weiser\stm32f3discovery_hal_lib\Debug\libstm32f3discovery_hal_lib.a(stm32f3xx_hal_cortex.o)
 .debug_line    0x000046db      0xa40 E:\TGM\5Klasse\SYT\Weiser\stm32f3discovery_hal_lib\Debug\libstm32f3discovery_hal_lib.a(stm32f3xx_hal_gpio.o)

.debug_info     0x00000000     0x3617
 .debug_info    0x00000000       0x73 startup/startup_stm32f303xc.o
 .debug_info    0x00000073      0x17e src/led_toggle.o
 .debug_info    0x000001f1      0x69e src/main.o
 .debug_info    0x0000088f       0xaf src/stm32f3xx_it.o
 .debug_info    0x0000093e      0x3b7 src/system_stm32f3xx.o
 .debug_info    0x00000cf5     0x1174 E:\TGM\5Klasse\SYT\Weiser\stm32f3discovery_hal_lib\Debug\libstm32f3discovery_hal_lib.a(stm32f3_discovery.o)
 .debug_info    0x00001e69      0x643 E:\TGM\5Klasse\SYT\Weiser\stm32f3discovery_hal_lib\Debug\libstm32f3discovery_hal_lib.a(stm32f3xx_hal.o)
 .debug_info    0x000024ac      0xb08 E:\TGM\5Klasse\SYT\Weiser\stm32f3discovery_hal_lib\Debug\libstm32f3discovery_hal_lib.a(stm32f3xx_hal_cortex.o)
 .debug_info    0x00002fb4      0x663 E:\TGM\5Klasse\SYT\Weiser\stm32f3discovery_hal_lib\Debug\libstm32f3discovery_hal_lib.a(stm32f3xx_hal_gpio.o)

.debug_abbrev   0x00000000      0xb40
 .debug_abbrev  0x00000000       0x12 startup/startup_stm32f303xc.o
 .debug_abbrev  0x00000012       0xa5 src/led_toggle.o
 .debug_abbrev  0x000000b7      0x159 src/main.o
 .debug_abbrev  0x00000210       0x6a src/stm32f3xx_it.o
 .debug_abbrev  0x0000027a      0x104 src/system_stm32f3xx.o
 .debug_abbrev  0x0000037e      0x221 E:\TGM\5Klasse\SYT\Weiser\stm32f3discovery_hal_lib\Debug\libstm32f3discovery_hal_lib.a(stm32f3_discovery.o)
 .debug_abbrev  0x0000059f      0x17d E:\TGM\5Klasse\SYT\Weiser\stm32f3discovery_hal_lib\Debug\libstm32f3discovery_hal_lib.a(stm32f3xx_hal.o)
 .debug_abbrev  0x0000071c      0x280 E:\TGM\5Klasse\SYT\Weiser\stm32f3discovery_hal_lib\Debug\libstm32f3discovery_hal_lib.a(stm32f3xx_hal_cortex.o)
 .debug_abbrev  0x0000099c      0x1a4 E:\TGM\5Klasse\SYT\Weiser\stm32f3discovery_hal_lib\Debug\libstm32f3discovery_hal_lib.a(stm32f3xx_hal_gpio.o)

.debug_aranges  0x00000000      0x3c0
 .debug_aranges
                0x00000000       0x28 startup/startup_stm32f303xc.o
 .debug_aranges
                0x00000028       0x48 src/led_toggle.o
 .debug_aranges
                0x00000070       0x30 src/main.o
 .debug_aranges
                0x000000a0       0x20 src/stm32f3xx_it.o
 .debug_aranges
                0x000000c0       0x28 src/system_stm32f3xx.o
 .debug_aranges
                0x000000e8       0xd0 E:\TGM\5Klasse\SYT\Weiser\stm32f3discovery_hal_lib\Debug\libstm32f3discovery_hal_lib.a(stm32f3_discovery.o)
 .debug_aranges
                0x000001b8       0xb0 E:\TGM\5Klasse\SYT\Weiser\stm32f3discovery_hal_lib\Debug\libstm32f3discovery_hal_lib.a(stm32f3xx_hal.o)
 .debug_aranges
                0x00000268      0x100 E:\TGM\5Klasse\SYT\Weiser\stm32f3discovery_hal_lib\Debug\libstm32f3discovery_hal_lib.a(stm32f3xx_hal_cortex.o)
 .debug_aranges
                0x00000368       0x58 E:\TGM\5Klasse\SYT\Weiser\stm32f3discovery_hal_lib\Debug\libstm32f3discovery_hal_lib.a(stm32f3xx_hal_gpio.o)

.debug_ranges   0x00000000      0x338
 .debug_ranges  0x00000000       0x20 startup/startup_stm32f303xc.o
 .debug_ranges  0x00000020       0x38 src/led_toggle.o
 .debug_ranges  0x00000058       0x20 src/main.o
 .debug_ranges  0x00000078       0x10 src/stm32f3xx_it.o
 .debug_ranges  0x00000088       0x18 src/system_stm32f3xx.o
 .debug_ranges  0x000000a0       0xc0 E:\TGM\5Klasse\SYT\Weiser\stm32f3discovery_hal_lib\Debug\libstm32f3discovery_hal_lib.a(stm32f3_discovery.o)
 .debug_ranges  0x00000160       0xa0 E:\TGM\5Klasse\SYT\Weiser\stm32f3discovery_hal_lib\Debug\libstm32f3discovery_hal_lib.a(stm32f3xx_hal.o)
 .debug_ranges  0x00000200       0xf0 E:\TGM\5Klasse\SYT\Weiser\stm32f3discovery_hal_lib\Debug\libstm32f3discovery_hal_lib.a(stm32f3xx_hal_cortex.o)
 .debug_ranges  0x000002f0       0x48 E:\TGM\5Klasse\SYT\Weiser\stm32f3discovery_hal_lib\Debug\libstm32f3discovery_hal_lib.a(stm32f3xx_hal_gpio.o)

.debug_macro    0x00000000    0x1202c
 .debug_macro   0x00000000      0x2e3 src/led_toggle.o
 .debug_macro   0x000002e3      0x892 src/led_toggle.o
 .debug_macro   0x00000b75       0x28 src/led_toggle.o
 .debug_macro   0x00000b9d       0x28 src/led_toggle.o
 .debug_macro   0x00000bc5       0x3b src/led_toggle.o
 .debug_macro   0x00000c00       0x22 src/led_toggle.o
 .debug_macro   0x00000c22       0x44 src/led_toggle.o
 .debug_macro   0x00000c66       0x1c src/led_toggle.o
 .debug_macro   0x00000c82      0x1f7 src/led_toggle.o
 .debug_macro   0x00000e79       0x2d src/led_toggle.o
 .debug_macro   0x00000ea6       0x42 src/led_toggle.o
 .debug_macro   0x00000ee8      0xd39 src/led_toggle.o
 .debug_macro   0x00001c21     0x822c src/led_toggle.o
 .debug_macro   0x00009e4d       0x43 src/led_toggle.o
 .debug_macro   0x00009e90      0x114 src/led_toggle.o
 .debug_macro   0x00009fa4       0x56 src/led_toggle.o
 .debug_macro   0x00009ffa      0x747 src/led_toggle.o
 .debug_macro   0x0000a741      0x574 src/led_toggle.o
 .debug_macro   0x0000acb5      0x138 src/led_toggle.o
 .debug_macro   0x0000aded      0x1f4 src/led_toggle.o
 .debug_macro   0x0000afe1      0x1df src/led_toggle.o
 .debug_macro   0x0000b1c0       0x2a src/led_toggle.o
 .debug_macro   0x0000b1ea       0x52 src/led_toggle.o
 .debug_macro   0x0000b23c      0xa3d src/led_toggle.o
 .debug_macro   0x0000bc79      0x37c src/led_toggle.o
 .debug_macro   0x0000bff5       0x6c src/led_toggle.o
 .debug_macro   0x0000c061      0x316 src/led_toggle.o
 .debug_macro   0x0000c377       0xb9 src/led_toggle.o
 .debug_macro   0x0000c430       0x4c src/led_toggle.o
 .debug_macro   0x0000c47c       0x12 src/led_toggle.o
 .debug_macro   0x0000c48e      0x1aa src/led_toggle.o
 .debug_macro   0x0000c638       0x70 src/led_toggle.o
 .debug_macro   0x0000c6a8      0x1ca src/led_toggle.o
 .debug_macro   0x0000c872      0x135 src/led_toggle.o
 .debug_macro   0x0000c9a7      0x1f4 src/led_toggle.o
 .debug_macro   0x0000cb9b       0x22 src/led_toggle.o
 .debug_macro   0x0000cbbd      0x1a0 src/led_toggle.o
 .debug_macro   0x0000cd5d       0x41 src/led_toggle.o
 .debug_macro   0x0000cd9e      0x1ed src/led_toggle.o
 .debug_macro   0x0000cf8b       0x29 src/led_toggle.o
 .debug_macro   0x0000cfb4       0xbc src/led_toggle.o
 .debug_macro   0x0000d070      0x17d src/led_toggle.o
 .debug_macro   0x0000d1ed       0x28 src/led_toggle.o
 .debug_macro   0x0000d215      0x265 src/led_toggle.o
 .debug_macro   0x0000d47a       0xda src/led_toggle.o
 .debug_macro   0x0000d554       0xbe src/led_toggle.o
 .debug_macro   0x0000d612      0x3c2 src/led_toggle.o
 .debug_macro   0x0000d9d4      0x2e0 src/led_toggle.o
 .debug_macro   0x0000dcb4      0x305 src/led_toggle.o
 .debug_macro   0x0000dfb9       0x11 src/led_toggle.o
 .debug_macro   0x0000dfca      0x2b8 src/led_toggle.o
 .debug_macro   0x0000e282      0x2b8 src/led_toggle.o
 .debug_macro   0x0000e53a      0x6b6 src/led_toggle.o
 .debug_macro   0x0000ebf0      0x383 src/led_toggle.o
 .debug_macro   0x0000ef73      0x46a src/led_toggle.o
 .debug_macro   0x0000f3dd      0x4cc src/led_toggle.o
 .debug_macro   0x0000f8a9       0x3b src/led_toggle.o
 .debug_macro   0x0000f8e4      0x1f4 src/led_toggle.o
 .debug_macro   0x0000fad8       0x2a src/led_toggle.o
 .debug_macro   0x0000fb02       0x87 src/led_toggle.o
 .debug_macro   0x0000fb89      0x27d src/led_toggle.o
 .debug_macro   0x0000fe06      0x29e src/led_toggle.o
 .debug_macro   0x000100a4      0x2e3 src/main.o
 .debug_macro   0x00010387      0x2da src/stm32f3xx_it.o
 .debug_macro   0x00010661      0x2d6 src/system_stm32f3xx.o
 .debug_macro   0x00010937      0x2fd E:\TGM\5Klasse\SYT\Weiser\stm32f3discovery_hal_lib\Debug\libstm32f3discovery_hal_lib.a(stm32f3_discovery.o)
 .debug_macro   0x00010c34      0x88c E:\TGM\5Klasse\SYT\Weiser\stm32f3discovery_hal_lib\Debug\libstm32f3discovery_hal_lib.a(stm32f3_discovery.o)
 .debug_macro   0x000114c0      0x298 E:\TGM\5Klasse\SYT\Weiser\stm32f3discovery_hal_lib\Debug\libstm32f3discovery_hal_lib.a(stm32f3_discovery.o)
 .debug_macro   0x00011758      0x2f4 E:\TGM\5Klasse\SYT\Weiser\stm32f3discovery_hal_lib\Debug\libstm32f3discovery_hal_lib.a(stm32f3xx_hal.o)
 .debug_macro   0x00011a4c      0x2d0 E:\TGM\5Klasse\SYT\Weiser\stm32f3discovery_hal_lib\Debug\libstm32f3discovery_hal_lib.a(stm32f3xx_hal_cortex.o)
 .debug_macro   0x00011d1c      0x310 E:\TGM\5Klasse\SYT\Weiser\stm32f3discovery_hal_lib\Debug\libstm32f3discovery_hal_lib.a(stm32f3xx_hal_gpio.o)

.debug_str      0x00000000    0x7adda
 .debug_str     0x00000000    0x792e7 src/led_toggle.o
                              0x79434 (size before relaxing)
 .debug_str     0x000792e7      0x477 src/main.o
                              0x79951 (size before relaxing)
 .debug_str     0x0007975e       0x38 src/stm32f3xx_it.o
                              0x7827f (size before relaxing)
 .debug_str     0x00079796       0xca src/system_stm32f3xx.o
                              0x783aa (size before relaxing)
 .debug_str     0x00079860      0xc09 E:\TGM\5Klasse\SYT\Weiser\stm32f3discovery_hal_lib\Debug\libstm32f3discovery_hal_lib.a(stm32f3_discovery.o)
                              0x7a4a8 (size before relaxing)
 .debug_str     0x0007a469      0x31f E:\TGM\5Klasse\SYT\Weiser\stm32f3discovery_hal_lib\Debug\libstm32f3discovery_hal_lib.a(stm32f3xx_hal.o)
                              0x78a53 (size before relaxing)
 .debug_str     0x0007a788      0x239 E:\TGM\5Klasse\SYT\Weiser\stm32f3discovery_hal_lib\Debug\libstm32f3discovery_hal_lib.a(stm32f3xx_hal_cortex.o)
                              0x78ac0 (size before relaxing)
 .debug_str     0x0007a9c1      0x419 E:\TGM\5Klasse\SYT\Weiser\stm32f3discovery_hal_lib\Debug\libstm32f3discovery_hal_lib.a(stm32f3xx_hal_gpio.o)
                              0x787c2 (size before relaxing)

.comment        0x00000000       0x70
 .comment       0x00000000       0x70 src/led_toggle.o
                                 0x71 (size before relaxing)
 .comment       0x00000000       0x71 src/main.o
 .comment       0x00000000       0x71 src/stm32f3xx_it.o
 .comment       0x00000000       0x71 src/system_stm32f3xx.o
 .comment       0x00000000       0x71 E:\TGM\5Klasse\SYT\Weiser\stm32f3discovery_hal_lib\Debug\libstm32f3discovery_hal_lib.a(stm32f3_discovery.o)
 .comment       0x00000000       0x71 E:\TGM\5Klasse\SYT\Weiser\stm32f3discovery_hal_lib\Debug\libstm32f3discovery_hal_lib.a(stm32f3xx_hal.o)
 .comment       0x00000000       0x71 E:\TGM\5Klasse\SYT\Weiser\stm32f3discovery_hal_lib\Debug\libstm32f3discovery_hal_lib.a(stm32f3xx_hal_cortex.o)
 .comment       0x00000000       0x71 E:\TGM\5Klasse\SYT\Weiser\stm32f3discovery_hal_lib\Debug\libstm32f3discovery_hal_lib.a(stm32f3xx_hal_gpio.o)

.debug_frame    0x00000000      0xdd4
 .debug_frame   0x00000000       0xc0 src/led_toggle.o
 .debug_frame   0x000000c0       0x78 src/main.o
 .debug_frame   0x00000138       0x2c src/stm32f3xx_it.o
 .debug_frame   0x00000164       0x58 src/system_stm32f3xx.o
 .debug_frame   0x000001bc      0x330 E:\TGM\5Klasse\SYT\Weiser\stm32f3discovery_hal_lib\Debug\libstm32f3discovery_hal_lib.a(stm32f3_discovery.o)
 .debug_frame   0x000004ec      0x270 E:\TGM\5Klasse\SYT\Weiser\stm32f3discovery_hal_lib\Debug\libstm32f3discovery_hal_lib.a(stm32f3xx_hal.o)
 .debug_frame   0x0000075c      0x428 E:\TGM\5Klasse\SYT\Weiser\stm32f3discovery_hal_lib\Debug\libstm32f3discovery_hal_lib.a(stm32f3xx_hal_cortex.o)
 .debug_frame   0x00000b84      0x14c E:\TGM\5Klasse\SYT\Weiser\stm32f3discovery_hal_lib\Debug\libstm32f3discovery_hal_lib.a(stm32f3xx_hal_gpio.o)
 .debug_frame   0x00000cd0       0x2c e:/eclipse c/eclipse/plugins/fr.ac6.mcu.externaltools.arm-none.win32_1.3.0.201507241045/tools/compiler/bin/../lib/gcc/arm-none-eabi/4.9.3/../../../../arm-none-eabi/lib/armv7e-m\libc.a(lib_a-init.o)
 .debug_frame   0x00000cfc       0x50 e:/eclipse c/eclipse/plugins/fr.ac6.mcu.externaltools.arm-none.win32_1.3.0.201507241045/tools/compiler/bin/../lib/gcc/arm-none-eabi/4.9.3/../../../../arm-none-eabi/lib/armv7e-m\libc.a(lib_a-__call_atexit.o)
 .debug_frame   0x00000d4c       0x20 e:/eclipse c/eclipse/plugins/fr.ac6.mcu.externaltools.arm-none.win32_1.3.0.201507241045/tools/compiler/bin/../lib/gcc/arm-none-eabi/4.9.3/../../../../arm-none-eabi/lib/armv7e-m\libc.a(lib_a-atexit.o)
 .debug_frame   0x00000d6c       0x34 e:/eclipse c/eclipse/plugins/fr.ac6.mcu.externaltools.arm-none.win32_1.3.0.201507241045/tools/compiler/bin/../lib/gcc/arm-none-eabi/4.9.3/../../../../arm-none-eabi/lib/armv7e-m\libc.a(lib_a-fini.o)
 .debug_frame   0x00000da0       0x34 e:/eclipse c/eclipse/plugins/fr.ac6.mcu.externaltools.arm-none.win32_1.3.0.201507241045/tools/compiler/bin/../lib/gcc/arm-none-eabi/4.9.3/../../../../arm-none-eabi/lib/armv7e-m\libc.a(lib_a-__atexit.o)
